C:/Projects/riop-ecat/mcuxsdk/mcuxsdk/arch/arm/CMSIS/Core/Include/core_cm7.h:2013:22:__NVIC_EnableIRQ	16	static
C:/Projects/riop-ecat/mcuxsdk/mcuxsdk/devices/RT/RT1180/MIMXRT1189/drivers/fsl_clock.h:1581:20:CLOCK_ControlGate	16	static
C:/Projects/riop-ecat/mcuxsdk/mcuxsdk/devices/RT/RT1180/MIMXRT1189/drivers/fsl_clock.h:1599:20:CLOCK_EnableClock	16	static
C:/Projects/riop-ecat/mcuxsdk/mcuxsdk/drivers/common/fsl_common_arm.h:714:24:EnableIRQ	24	static
C:/Projects/riop-ecat/mcuxsdk/mcuxsdk/drivers/flexspi/fsl_flexspi.h:526:20:FLEXSPI_EnableInterrupts	16	static
C:/Projects/riop-ecat/mcuxsdk/mcuxsdk/drivers/flexspi/fsl_flexspi.h:537:20:FLEXSPI_DisableInterrupts	16	static
C:/Projects/riop-ecat/mcuxsdk/mcuxsdk/drivers/flexspi/fsl_flexspi.h:672:20:FLEXSPI_ClearInterruptStatusFlags	16	static
C:/Projects/riop-ecat/mcuxsdk/mcuxsdk/drivers/flexspi/fsl_flexspi.h:743:20:FLEXSPI_GetBusIdleStatus	16	static
C:/Projects/riop-ecat/mcuxsdk/mcuxsdk/drivers/flexspi/fsl_flexspi.c:127:13:FLEXSPI_Memset	32	static
C:/Projects/riop-ecat/mcuxsdk/mcuxsdk/drivers/flexspi/fsl_flexspi.c:148:13:FLEXSPI_CheckInputLutLocation	80	static
C:/Projects/riop-ecat/mcuxsdk/mcuxsdk/drivers/flexspi/fsl_flexspi.c:165:10:FLEXSPI_GetInstance	24	static
C:/Projects/riop-ecat/mcuxsdk/mcuxsdk/drivers/flexspi/fsl_flexspi.c:183:17:FLEXSPI_CalculateDll	40	static
C:/Projects/riop-ecat/mcuxsdk/mcuxsdk/drivers/flexspi/fsl_flexspi.c:248:10:FLEXSPI_CheckAndClearError	24	static
C:/Projects/riop-ecat/mcuxsdk/mcuxsdk/drivers/flexspi/fsl_flexspi.c:290:6:FLEXSPI_Init	32	static
C:/Projects/riop-ecat/mcuxsdk/mcuxsdk/drivers/flexspi/fsl_flexspi.c:419:6:FLEXSPI_GetDefaultConfig	24	static
C:/Projects/riop-ecat/mcuxsdk/mcuxsdk/drivers/flexspi/fsl_flexspi.c:487:6:FLEXSPI_Deinit	16	static
C:/Projects/riop-ecat/mcuxsdk/mcuxsdk/drivers/flexspi/fsl_flexspi.c:500:6:FLEXSPI_UpdateDllValue	40	static
C:/Projects/riop-ecat/mcuxsdk/mcuxsdk/drivers/flexspi/fsl_flexspi.c:562:6:FLEXSPI_SetFlashConfig	32	static
C:/Projects/riop-ecat/mcuxsdk/mcuxsdk/drivers/flexspi/fsl_flexspi.c:654:6:FLEXSPI_SoftwareReset	16	static
C:/Projects/riop-ecat/mcuxsdk/mcuxsdk/drivers/flexspi/fsl_flexspi.c:695:6:FLEXSPI_UpdateAhbBuffersSettings	32	static
C:/Projects/riop-ecat/mcuxsdk/mcuxsdk/drivers/flexspi/fsl_flexspi.c:736:6:FLEXSPI_UpdateLUT	32	static
C:/Projects/riop-ecat/mcuxsdk/mcuxsdk/drivers/flexspi/fsl_flexspi.c:778:6:FLEXSPI_UpdateRxSampleClock	24	static
C:/Projects/riop-ecat/mcuxsdk/mcuxsdk/drivers/flexspi/fsl_flexspi.c:807:10:FLEXSPI_WriteBlocking	48	static
C:/Projects/riop-ecat/mcuxsdk/mcuxsdk/drivers/flexspi/fsl_flexspi.c:886:10:FLEXSPI_ReadBlocking	48	static
C:/Projects/riop-ecat/mcuxsdk/mcuxsdk/drivers/flexspi/fsl_flexspi.c:991:10:FLEXSPI_TransferBlocking	24	static
C:/Projects/riop-ecat/mcuxsdk/mcuxsdk/drivers/flexspi/fsl_flexspi.c:1069:6:FLEXSPI_TransferCreateHandle	32	static
C:/Projects/riop-ecat/mcuxsdk/mcuxsdk/drivers/flexspi/fsl_flexspi.c:1110:10:FLEXSPI_TransferNonBlocking	32	static
C:/Projects/riop-ecat/mcuxsdk/mcuxsdk/drivers/flexspi/fsl_flexspi.c:1194:10:FLEXSPI_TransferGetCount	32	static
C:/Projects/riop-ecat/mcuxsdk/mcuxsdk/drivers/flexspi/fsl_flexspi.c:1221:6:FLEXSPI_TransferAbort	16	static
C:/Projects/riop-ecat/mcuxsdk/mcuxsdk/drivers/flexspi/fsl_flexspi.c:1235:6:FLEXSPI_TransferHandleIRQ	72	static
C:/Projects/riop-ecat/mcuxsdk/mcuxsdk/drivers/flexspi/fsl_flexspi.c:1457:6:FLEXSPI1_DriverIRQHandler	8	static
C:/Projects/riop-ecat/mcuxsdk/mcuxsdk/drivers/flexspi/fsl_flexspi.c:1465:6:FLEXSPI2_DriverIRQHandler	8	static
